\BOOKMARK [0][-]{chapter*.1}{\376\377\000S\000o\000m\000m\000a\000r\000i\000o}{}% 1
\BOOKMARK [0][-]{chapter*.3}{\376\377\000E\000l\000e\000n\000c\000o\000\040\000d\000e\000l\000l\000e\000\040\000f\000i\000g\000u\000r\000e}{}% 2
\BOOKMARK [0][-]{chapter*.4}{\376\377\000E\000l\000e\000n\000c\000o\000\040\000d\000e\000l\000l\000e\000\040\000t\000a\000b\000e\000l\000l\000e}{}% 3
\BOOKMARK [0][-]{chapter*.5}{\376\377\000L\000i\000s\000t\000i\000n\000g\000s}{}% 4
\BOOKMARK [0][-]{chapter.1}{\376\377\000I\000n\000t\000r\000o\000d\000u\000z\000i\000o\000n\000e}{}% 5
\BOOKMARK [1][-]{section.1.1}{\376\377\000L\000'\000a\000z\000i\000e\000n\000d\000a\000:\000\040\000S\000e\000c\000o\000v\000a\000l\000\040\000S\000.\000r\000.\000l\000.}{chapter.1}% 6
\BOOKMARK [1][-]{section.1.2}{\376\377\000I\000l\000\040\000p\000r\000o\000g\000e\000t\000t\000o\000\040\000d\000i\000\040\000s\000t\000a\000g\000e}{chapter.1}% 7
\BOOKMARK [1][-]{section.1.3}{\376\377\000O\000b\000i\000e\000t\000t\000i\000v\000i\000\040\000e\000\040\000a\000n\000a\000l\000i\000s\000i\000\040\000d\000e\000i\000\040\000r\000e\000q\000u\000i\000s\000i\000t\000i}{chapter.1}% 8
\BOOKMARK [2][-]{subsection.1.3.1}{\376\377\000C\000l\000a\000s\000s\000i\000f\000i\000c\000a\000z\000i\000o\000n\000e\000\040\000d\000e\000i\000\040\000r\000e\000q\000u\000i\000s\000i\000t\000i}{section.1.3}% 9
\BOOKMARK [0][-]{chapter.2}{\376\377\000T\000e\000c\000n\000o\000l\000o\000g\000i\000e\000\040\000u\000t\000i\000l\000i\000z\000z\000a\000t\000e}{}% 10
\BOOKMARK [1][-]{section.2.1}{\376\377\000U\000b\000u\000n\000t\000u\000\040\000S\000e\000r\000v\000e\000r}{chapter.2}% 11
\BOOKMARK [1][-]{section.2.2}{\376\377\000Z\000a\000b\000b\000i\000x\000\040\0007\000.\0000\000\040\000L\000T\000S}{chapter.2}% 12
\BOOKMARK [1][-]{section.2.3}{\376\377\000P\000y\000t\000h\000o\000n\000,\000\040\000V\000e\000n\000v\000\040\000e\000\040\000i\000\040\000p\000a\000c\000k\000a\000g\000e\000\040\000p\000i\000p\000\040\000u\000t\000i\000l\000i\000z\000z\000a\000t\000i}{chapter.2}% 13
\BOOKMARK [1][-]{section.2.4}{\376\377\000I\000n\000t\000e\000r\000a\000c\000t\000a}{chapter.2}% 14
\BOOKMARK [0][-]{chapter.3}{\376\377\000A\000r\000c\000h\000i\000t\000e\000t\000t\000u\000r\000a\000\040\000e\000\040\000c\000o\000n\000f\000i\000g\000u\000r\000a\000z\000i\000o\000n\000e}{}% 15
\BOOKMARK [1][-]{section.3.1}{\376\377\000S\000e\000t\000u\000p\000\040\000d\000e\000l\000l\000a\000\040\000m\000a\000c\000c\000h\000i\000n\000a\000\040\000v\000i\000r\000t\000u\000a\000l\000e\000\040\000U\000b\000u\000n\000t\000u\000\040\000e\000\040\000g\000e\000s\000t\000i\000o\000n\000e\000\040\000d\000e\000i\000\040\000d\000a\000t\000i}{chapter.3}% 16
\BOOKMARK [2][-]{subsection.3.1.1}{\376\377\000S\000e\000t\000u\000p\000\040\000d\000e\000l\000l\000a\000\040\000V\000M\000\040\000U\000b\000u\000n\000t\000u}{section.3.1}% 17
\BOOKMARK [1][-]{section.3.2}{\376\377\000Z\000a\000b\000b\000i\000x\000\040\000n\000e\000l\000l\000a\000\040\000f\000u\000n\000z\000i\000o\000n\000e\000\040\000d\000i\000\040\000m\000o\000n\000i\000t\000o\000r\000a\000g\000g\000i\000o\000\040\000d\000e\000l\000l\000a\000\040\000s\000m\000a\000r\000t\000\040\000c\000i\000t\000y}{chapter.3}% 18
\BOOKMARK [2][-]{subsection.3.2.1}{\376\377\000A\000r\000c\000h\000i\000t\000e\000t\000t\000u\000r\000a\000\040\000g\000e\000n\000e\000r\000a\000l\000e\000\040\000d\000e\000l\000l\000'\000i\000n\000f\000r\000a\000s\000t\000r\000u\000t\000t\000u\000r\000a}{section.3.2}% 19
\BOOKMARK [2][-]{subsection.3.2.2}{\376\377\000L\000'\000a\000u\000t\000o\000d\000i\000s\000c\000o\000v\000e\000r\000y\000\040\000d\000e\000g\000l\000i\000\040\000h\000o\000s\000t\000\040\000d\000a\000\040\000p\000a\000r\000t\000e\000\040\000d\000i\000\040\000Z\000a\000b\000b\000i\000x}{section.3.2}% 20
\BOOKMARK [1][-]{section.3.3}{\376\377\000I\000\040\000f\000o\000g\000l\000i\000\040\000d\000i\000\040\000c\000a\000l\000c\000o\000l\000o\000\040\000a\000z\000i\000e\000n\000d\000a\000l\000i}{chapter.3}% 21
\BOOKMARK [2][-]{subsection.3.3.1}{\376\377\000S\000t\000r\000u\000t\000t\000u\000r\000a\000\040\000e\000\040\000r\000u\000o\000l\000o\000\040\000d\000e\000i\000\040\000d\000u\000e\000\040\000f\000i\000l\000e\000\040\000E\000x\000c\000e\000l\000\040\000a\000z\000i\000e\000n\000d\000a\000l\000i}{section.3.3}% 22
\BOOKMARK [2][-]{subsection.3.3.2}{\376\377\000L\000'\000e\000s\000t\000r\000a\000z\000i\000o\000n\000e\000\040\000d\000e\000i\000\040\000d\000a\000t\000i}{section.3.3}% 23
\BOOKMARK [1][-]{section.3.4}{\376\377\000I\000m\000p\000l\000e\000m\000e\000n\000t\000a\000z\000i\000o\000n\000e\000\040\000d\000e\000l\000l\000'\000a\000g\000g\000i\000o\000r\000n\000a\000m\000e\000n\000t\000o\000\040\000d\000e\000g\000l\000i\000\040\000h\000o\000s\000t}{chapter.3}% 24
\BOOKMARK [2][-]{subsection.3.4.1}{\376\377\000A\000s\000s\000o\000c\000i\000a\000z\000i\000o\000n\000e\000\040\000d\000e\000i\000\040\000m\000e\000t\000a\000d\000a\000t\000i\000\040\000a\000g\000l\000i\000\040\000h\000o\000s\000t}{section.3.4}% 25
\BOOKMARK [2][-]{subsection.3.4.2}{\376\377\000M\000e\000m\000o\000r\000i\000z\000z\000a\000z\000i\000o\000n\000e\000\040\000d\000e\000i\000\040\000m\000e\000s\000s\000a\000g\000g\000i\000\040\000d\000i\000\040\000l\000o\000g}{section.3.4}% 26
\BOOKMARK [1][-]{section.3.5}{\376\377\000G\000e\000o\000r\000e\000f\000e\000r\000e\000n\000z\000i\000a\000z\000i\000o\000n\000e\000\040\000e\000\040\000G\000I\000S\000\040\000i\000n\000t\000e\000g\000r\000a\000t\000o\000\040\000i\000n\000\040\000Z\000a\000b\000b\000i\000x}{chapter.3}% 27
\BOOKMARK [1][-]{section.3.6}{\376\377\000R\000e\000p\000o\000r\000t\000i\000s\000t\000i\000c\000a\000\040\000e\000\040\000K\000P\000I}{chapter.3}% 28
\BOOKMARK [2][-]{subsection.3.6.1}{\376\377\000E\000s\000p\000o\000r\000t\000a\000z\000i\000o\000n\000e\000\040\000d\000a\000t\000i\000\040\000e\000v\000e\000n\000t\000o\000\040\000t\000r\000a\000m\000i\000t\000e\000\040\000c\000u\000s\000t\000o\000m\000\040\000A\000l\000e\000r\000t\000S\000c\000r\000i\000p\000t}{section.3.6}% 29
\BOOKMARK [2][-]{subsection.3.6.2}{\376\377\000S\000a\000l\000v\000a\000t\000a\000g\000g\000i\000o\000\040\000l\000o\000c\000a\000l\000e\000\040\000i\000n\000\040\000C\000S\000V}{section.3.6}% 30
\BOOKMARK [2][-]{subsection.3.6.3}{\376\377\000E\000l\000a\000b\000o\000r\000a\000z\000i\000o\000n\000e\000\040\000d\000a\000t\000i\000\040\000e\000\040\000r\000e\000p\000o\000r\000t}{section.3.6}% 31
\BOOKMARK [0][-]{chapter.4}{\376\377\000R\000i\000l\000e\000v\000a\000m\000e\000n\000t\000o\000\040\000m\000a\000n\000o\000m\000i\000s\000s\000i\000o\000n\000i\000\040\000T\000V\000C\000C}{}% 32
\BOOKMARK [1][-]{section.4.1}{\376\377\000L\000o\000g\000i\000c\000h\000e\000\040\000d\000i\000\040\000P\000o\000l\000l\000i\000n\000g\000\040\000v\000s\000\040\000T\000r\000a\000p\000p\000i\000n\000g\000\040\000i\000n\000\040\000Z\000a\000b\000b\000i\000x}{chapter.4}% 33
\BOOKMARK [1][-]{section.4.2}{\376\377\000D\000e\000s\000c\000r\000i\000z\000i\000o\000n\000e\000\040\000d\000e\000l\000l\000'\000i\000m\000p\000l\000e\000m\000e\000n\000t\000a\000z\000i\000o\000n\000e}{chapter.4}% 34
\BOOKMARK [1][-]{section.4.3}{\376\377\000C\000o\000n\000f\000i\000g\000u\000r\000a\000z\000i\000o\000n\000i\000\040\000t\000a\000m\000p\000e\000r\000d\000e\000t\000e\000c\000t\000i\000o\000n\000\040\000e\000\040\000m\000o\000t\000i\000o\000n\000d\000e\000t\000e\000c\000t\000i\000o\000n\000\040\000h\000i\000k\000v\000i\000s\000i\000o\000n\000\040\000t\000r\000a\000m\000i\000t\000e\000\040\000X\000M\000L}{chapter.4}% 35
\BOOKMARK [1][-]{section.4.4}{\376\377\000S\000v\000i\000l\000u\000p\000p\000o\000\040\000d\000e\000l\000\040\000m\000i\000d\000d\000l\000e\000w\000a\000r\000e\000\040\000e\000\040\000a\000s\000c\000o\000l\000t\000o\000\040\000d\000e\000g\000l\000i\000\040\000s\000t\000r\000e\000a\000m\000\040\000H\000i\000k\000v\000i\000s\000i\000o\000n\000\040\000I\000S\000A\000P\000I}{chapter.4}% 36
\BOOKMARK [2][-]{subsection.4.4.1}{\376\377\000I\000m\000p\000l\000e\000m\000e\000n\000t\000a\000z\000i\000o\000n\000e\000\040\000d\000e\000l\000\040\000l\000i\000s\000t\000e\000n\000e\000r}{section.4.4}% 37
\BOOKMARK [2][-]{subsection.4.4.2}{\376\377\000E\000s\000e\000c\000u\000z\000i\000o\000n\000e\000\040\000c\000o\000n\000t\000i\000n\000u\000a\000t\000i\000v\000a\000\040\000e\000\040\000l\000o\000g}{section.4.4}% 38
\BOOKMARK [2][-]{subsection.4.4.3}{\376\377\000T\000r\000i\000g\000g\000e\000r\000\040\000a\000c\000t\000i\000o\000n\000s\000\040\000e\000\040\000i\000n\000t\000e\000g\000r\000a\000z\000i\000o\000n\000e\000\040\000c\000o\000n\000\040\000I\000n\000t\000e\000r\000a\000c\000t\000a}{section.4.4}% 39
\BOOKMARK [0][-]{chapter.5}{\376\377\000I\000n\000t\000e\000g\000r\000a\000z\000i\000o\000n\000e\000\040\000c\000o\000n\000\040\000i\000l\000\040\000s\000i\000s\000t\000e\000m\000a\000\040\000d\000i\000\040\000t\000i\000c\000k\000e\000t\000i\000n\000g\000\040\000I\000n\000t\000e\000r\000a\000c\000t\000a}{}% 40
\BOOKMARK [1][-]{section.5.1}{\376\377\000S\000c\000o\000p\000o\000\040\000e\000\040\000a\000r\000c\000h\000i\000t\000e\000t\000t\000u\000r\000a\000\040\000d\000e\000l\000l\000'\000i\000n\000t\000e\000g\000r\000a\000z\000i\000o\000n\000e}{chapter.5}% 41
\BOOKMARK [2][-]{subsection.5.1.1}{\376\377\000A\000u\000t\000e\000n\000t\000i\000c\000a\000z\000i\000o\000n\000e\000\040\000S\000e\000r\000v\000e\000r\000-\000t\000o\000-\000S\000e\000r\000v\000e\000r}{section.5.1}% 42
\BOOKMARK [1][-]{section.5.2}{\376\377\000G\000e\000n\000e\000r\000a\000z\000i\000o\000n\000e\000\040\000e\000\040\000f\000i\000r\000m\000a\000\040\000d\000e\000l\000\040\000t\000o\000k\000e\000n\000\040\000J\000W\000T}{chapter.5}% 43
\BOOKMARK [2][-]{subsection.5.2.1}{\376\377\000S\000t\000r\000u\000t\000t\000u\000r\000a\000\040\000d\000e\000l\000\040\000T\000o\000k\000e\000n\000\040\000e\000\040\000s\000c\000e\000l\000t\000a\000\040\000d\000e\000l\000l\000'\000a\000l\000g\000o\000r\000i\000t\000m\000o}{section.5.2}% 44
\BOOKMARK [2][-]{subsection.5.2.2}{\376\377\000I\000m\000p\000l\000e\000m\000e\000n\000t\000a\000z\000i\000o\000n\000e\000\040\000i\000n\000\040\000P\000y\000t\000h\000o\000n}{section.5.2}% 45
\BOOKMARK [1][-]{section.5.3}{\376\377\000A\000p\000e\000r\000t\000u\000r\000a\000\040\000o\000\040\000c\000h\000i\000u\000s\000u\000r\000a\000\040\000d\000e\000l\000\040\000t\000i\000c\000k\000e\000t}{chapter.5}% 46
\BOOKMARK [0][-]{chapter.6}{\376\377\000C\000o\000n\000c\000l\000u\000s\000i\000o\000n\000i}{}% 47
\BOOKMARK [1][-]{section.6.1}{\376\377\000R\000a\000g\000g\000i\000u\000n\000g\000i\000m\000e\000n\000t\000o\000\040\000d\000e\000g\000l\000i\000\040\000o\000b\000i\000e\000t\000t\000i\000v\000i}{chapter.6}% 48
\BOOKMARK [1][-]{section.6.2}{\376\377\000L\000i\000m\000i\000t\000i\000\040\000d\000e\000l\000\040\000s\000i\000s\000t\000e\000m\000a\000\040\000e\000\040\000s\000v\000i\000l\000u\000p\000p\000i\000\040\000f\000u\000t\000u\000r\000i}{chapter.6}% 49
\BOOKMARK [1][-]{section.6.3}{\376\377\000V\000a\000l\000u\000t\000a\000z\000i\000o\000n\000e\000\040\000P\000e\000r\000s\000o\000n\000a\000l\000e}{chapter.6}% 50
\BOOKMARK [0][-]{section*.9}{\376\377\000G\000l\000o\000s\000s\000a\000r\000i\000o}{}% 51
\BOOKMARK [0][-]{section*.11}{\376\377\000B\000i\000b\000l\000i\000o\000g\000r\000a\000f\000i\000a}{}% 52
\BOOKMARK [0][-]{section*.13}{\376\377\000R\000i\000n\000g\000r\000a\000z\000i\000a\000m\000e\000n\000t\000i}{}% 53
